[INFO ] cp_flat has an unrecognized metadata value foo={"bar":"foo"}
id: cp_flat
tile_info:
  format: mvt
  encoding: gzip
tilejson:
  tilejson: 3.0.0
  tiles: []
  vector_layers:
  - id: table_source
    fields:
      gid: int4
  bounds:
  - -2.0
  - -1.0
  - 142.84131509869133
  - 45.0
  name: table_source
  foo: '{"bar":"foo"}'
  format: mvt
  generator: martin-cp v0.11.4
agg_tiles_hash: EF19FCBCE73ADE1C85E856E6BBA9B4C7

